// Jest Snapshot v1, https://goo.gl/fbAQLP

exports[`DatePicker renders correctly 1`] = `
<div
  className="cssClass[datePicker]"
  onMouseDown={[Function]}
>
  <div
    className="cssClass[datePickerInput]"
  >
    <div
      className="cssClass[maskedInputWrapper]"
    >
      <input
        aria-hidden="true"
        className="cssClass[input] cssClass[maskedInputPlaceholder] cssClass[datePickerInputTarget]"
        onChange={[Function]}
        placeholder=""
        readOnly={true}
        tabIndex={-1}
      />
      <input
        className="cssClass[maskedInput] cssClass[datePickerInputTarget]"
        defaultValue=""
        guide={false}
        onBlur={[Function]}
        onChange={[Function]}
        onFocus={[Function]}
        onKeyDown={[Function]}
        render={[Function]}
        type="text"
        value="01.01.2021"
      />
    </div>
    <button
      className="cssClass[buttonIcon] cssClass[squircle] hoverable cssClass[datePickerInputIcon]"
      onBlur={[Function]}
      onClick={[Function]}
      onFocus={[Function]}
      onMouseDown={[Function]}
      type="button"
    >
      <svg />
    </button>
  </div>
</div>
`;
