// Jest Snapshot v1, https://goo.gl/fbAQLP

exports[`AmountInput renders correctly 1`] = `
<div
  className="cssClass[amountInput] cssClass[filled] cssClass[withCurrency]"
>
  <input
    autoComplete="off"
    className="cssClass[input]"
    data-tx="10.0.0"
    onChange={[Function]}
    onKeyDown={[Function]}
    onSelect={[Function]}
    placeholder="0,00"
    value="1 234 567 890,00"
  />
  <span
    className="cssClass[currency]"
    onClick={[Function]}
  >
    RUB
  </span>
</div>
`;
