// Jest Snapshot v1, https://goo.gl/fbAQLP

exports[`Calendar render disabled days 1`] = `
<div
  className="cssClass[calendar]"
  data-tx="10.0.0"
>
  <div
    className="cssClass[calendarHeader]"
  >
    <button
      className="cssClass[buttonIcon] cssClass[circle] hoverable"
      data-tx="10.0.0"
      disabled={false}
      onClick={[Function]}
      type="button"
    >
      <svg />
    </button>
    <button
      aria-live="polite"
      className="cssClass[button] cssClass[link] cssClass[SM] hoverable"
      data-tx="10.0.0"
      id="calendar-period-0"
      onClick={[Function]}
      type="button"
    >
      <span
        className="cssClass[content]"
      >
        January 1970
      </span>
    </button>
    <button
      className="cssClass[buttonIcon] cssClass[circle] hoverable"
      data-tx="10.0.0"
      disabled={false}
      onClick={[Function]}
      type="button"
    >
      <svg />
    </button>
  </div>
  <table
    aria-labelledby="calendar-period-0"
    className="cssClass[calendarViewDays]"
    role="grid"
  >
    <thead>
      <tr>
        <th
          abbr="Sunday"
          className="cssClass[calendarViewDaysHeader]"
        >
          Su
        </th>
        <th
          abbr="Monday"
          className="cssClass[calendarViewDaysHeader]"
        >
          Mo
        </th>
        <th
          abbr="Tuesday"
          className="cssClass[calendarViewDaysHeader]"
        >
          Tu
        </th>
        <th
          abbr="Wednesday"
          className="cssClass[calendarViewDaysHeader]"
        >
          We
        </th>
        <th
          abbr="Thursday"
          className="cssClass[calendarViewDaysHeader]"
        >
          Th
        </th>
        <th
          abbr="Friday"
          className="cssClass[calendarViewDaysHeader]"
        >
          Fr
        </th>
        <th
          abbr="Saturday"
          className="cssClass[calendarViewDaysHeader]"
        >
          Sa
        </th>
      </tr>
    </thead>
    <tbody
      className="cssClass[calendarViewDaysBody]"
    >
      <tr>
        <td
          className="cssClass[calendarViewItem]"
          onBlur={[Function]}
          onFocus={[Function]}
          onKeyDown={[Function]}
          tabIndex={-1}
        >
          <div
            className="cssClass[calendarViewItemLabel] cssClass[unitDay] cssClass[muted]"
            onClick={[Function]}
          >
            28
          </div>
        </td>
        <td
          className="cssClass[calendarViewItem]"
          onBlur={[Function]}
          onFocus={[Function]}
          onKeyDown={[Function]}
          tabIndex={-1}
        >
          <div
            className="cssClass[calendarViewItemLabel] cssClass[unitDay] cssClass[muted]"
            onClick={[Function]}
          >
            29
          </div>
        </td>
        <td
          className="cssClass[calendarViewItem]"
          onBlur={[Function]}
          onFocus={[Function]}
          onKeyDown={[Function]}
          tabIndex={-1}
        >
          <div
            className="cssClass[calendarViewItemLabel] cssClass[unitDay] cssClass[muted]"
            onClick={[Function]}
          >
            30
          </div>
        </td>
        <td
          className="cssClass[calendarViewItem]"
          onBlur={[Function]}
          onFocus={[Function]}
          onKeyDown={[Function]}
          tabIndex={-1}
        >
          <div
            className="cssClass[calendarViewItemLabel] cssClass[unitDay] cssClass[muted]"
            onClick={[Function]}
          >
            31
          </div>
        </td>
        <td
          aria-selected={true}
          className="cssClass[calendarViewItem] cssClass[disabled]"
          onBlur={[Function]}
          onFocus={[Function]}
          onKeyDown={[Function]}
          tabIndex={-1}
        >
          <div
            className="cssClass[calendarViewItemLabel] cssClass[unitDay] cssClass[disabled] cssClass[selected]"
            onClick={[Function]}
          >
            1
          </div>
        </td>
        <td
          className="cssClass[calendarViewItem] cssClass[disabled]"
          onBlur={[Function]}
          onFocus={[Function]}
          onKeyDown={[Function]}
          tabIndex={-1}
        >
          <div
            className="cssClass[calendarViewItemLabel] cssClass[unitDay] cssClass[disabled]"
            onClick={[Function]}
          >
            2
          </div>
        </td>
        <td
          className="cssClass[calendarViewItem] cssClass[disabled]"
          onBlur={[Function]}
          onFocus={[Function]}
          onKeyDown={[Function]}
          tabIndex={-1}
        >
          <div
            className="cssClass[calendarViewItemLabel] cssClass[unitDay] cssClass[disabled]"
            onClick={[Function]}
          >
            3
          </div>
        </td>
      </tr>
      <tr>
        <td
          className="cssClass[calendarViewItem]"
          onBlur={[Function]}
          onFocus={[Function]}
          onKeyDown={[Function]}
          tabIndex={-1}
        >
          <div
            className="cssClass[calendarViewItemLabel] cssClass[unitDay]"
            onClick={[Function]}
          >
            4
          </div>
        </td>
        <td
          className="cssClass[calendarViewItem]"
          onBlur={[Function]}
          onFocus={[Function]}
          onKeyDown={[Function]}
          tabIndex={-1}
        >
          <div
            className="cssClass[calendarViewItemLabel] cssClass[unitDay]"
            onClick={[Function]}
          >
            5
          </div>
        </td>
        <td
          className="cssClass[calendarViewItem]"
          onBlur={[Function]}
          onFocus={[Function]}
          onKeyDown={[Function]}
          tabIndex={-1}
        >
          <div
            className="cssClass[calendarViewItemLabel] cssClass[unitDay]"
            onClick={[Function]}
          >
            6
          </div>
        </td>
        <td
          className="cssClass[calendarViewItem]"
          onBlur={[Function]}
          onFocus={[Function]}
          onKeyDown={[Function]}
          tabIndex={-1}
        >
          <div
            className="cssClass[calendarViewItemLabel] cssClass[unitDay]"
            onClick={[Function]}
          >
            7
          </div>
        </td>
        <td
          className="cssClass[calendarViewItem]"
          onBlur={[Function]}
          onFocus={[Function]}
          onKeyDown={[Function]}
          tabIndex={-1}
        >
          <div
            className="cssClass[calendarViewItemLabel] cssClass[unitDay]"
            onClick={[Function]}
          >
            8
          </div>
        </td>
        <td
          className="cssClass[calendarViewItem]"
          onBlur={[Function]}
          onFocus={[Function]}
          onKeyDown={[Function]}
          tabIndex={-1}
        >
          <div
            className="cssClass[calendarViewItemLabel] cssClass[unitDay]"
            onClick={[Function]}
          >
            9
          </div>
        </td>
        <td
          className="cssClass[calendarViewItem]"
          onBlur={[Function]}
          onFocus={[Function]}
          onKeyDown={[Function]}
          tabIndex={-1}
        >
          <div
            className="cssClass[calendarViewItemLabel] cssClass[unitDay]"
            onClick={[Function]}
          >
            10
          </div>
        </td>
      </tr>
      <tr>
        <td
          className="cssClass[calendarViewItem]"
          onBlur={[Function]}
          onFocus={[Function]}
          onKeyDown={[Function]}
          tabIndex={-1}
        >
          <div
            className="cssClass[calendarViewItemLabel] cssClass[unitDay]"
            onClick={[Function]}
          >
            11
          </div>
        </td>
        <td
          className="cssClass[calendarViewItem]"
          onBlur={[Function]}
          onFocus={[Function]}
          onKeyDown={[Function]}
          tabIndex={-1}
        >
          <div
            className="cssClass[calendarViewItemLabel] cssClass[unitDay]"
            onClick={[Function]}
          >
            12
          </div>
        </td>
        <td
          className="cssClass[calendarViewItem]"
          onBlur={[Function]}
          onFocus={[Function]}
          onKeyDown={[Function]}
          tabIndex={-1}
        >
          <div
            className="cssClass[calendarViewItemLabel] cssClass[unitDay]"
            onClick={[Function]}
          >
            13
          </div>
        </td>
        <td
          className="cssClass[calendarViewItem]"
          onBlur={[Function]}
          onFocus={[Function]}
          onKeyDown={[Function]}
          tabIndex={-1}
        >
          <div
            className="cssClass[calendarViewItemLabel] cssClass[unitDay]"
            onClick={[Function]}
          >
            14
          </div>
        </td>
        <td
          className="cssClass[calendarViewItem]"
          onBlur={[Function]}
          onFocus={[Function]}
          onKeyDown={[Function]}
          tabIndex={-1}
        >
          <div
            className="cssClass[calendarViewItemLabel] cssClass[unitDay]"
            onClick={[Function]}
          >
            15
          </div>
        </td>
        <td
          className="cssClass[calendarViewItem]"
          onBlur={[Function]}
          onFocus={[Function]}
          onKeyDown={[Function]}
          tabIndex={-1}
        >
          <div
            className="cssClass[calendarViewItemLabel] cssClass[unitDay]"
            onClick={[Function]}
          >
            16
          </div>
        </td>
        <td
          className="cssClass[calendarViewItem]"
          onBlur={[Function]}
          onFocus={[Function]}
          onKeyDown={[Function]}
          tabIndex={-1}
        >
          <div
            className="cssClass[calendarViewItemLabel] cssClass[unitDay]"
            onClick={[Function]}
          >
            17
          </div>
        </td>
      </tr>
      <tr>
        <td
          className="cssClass[calendarViewItem]"
          onBlur={[Function]}
          onFocus={[Function]}
          onKeyDown={[Function]}
          tabIndex={-1}
        >
          <div
            className="cssClass[calendarViewItemLabel] cssClass[unitDay]"
            onClick={[Function]}
          >
            18
          </div>
        </td>
        <td
          className="cssClass[calendarViewItem]"
          onBlur={[Function]}
          onFocus={[Function]}
          onKeyDown={[Function]}
          tabIndex={-1}
        >
          <div
            className="cssClass[calendarViewItemLabel] cssClass[unitDay]"
            onClick={[Function]}
          >
            19
          </div>
        </td>
        <td
          className="cssClass[calendarViewItem]"
          onBlur={[Function]}
          onFocus={[Function]}
          onKeyDown={[Function]}
          tabIndex={-1}
        >
          <div
            className="cssClass[calendarViewItemLabel] cssClass[unitDay]"
            onClick={[Function]}
          >
            20
          </div>
        </td>
        <td
          className="cssClass[calendarViewItem]"
          onBlur={[Function]}
          onFocus={[Function]}
          onKeyDown={[Function]}
          tabIndex={-1}
        >
          <div
            className="cssClass[calendarViewItemLabel] cssClass[unitDay]"
            onClick={[Function]}
          >
            21
          </div>
        </td>
        <td
          className="cssClass[calendarViewItem]"
          onBlur={[Function]}
          onFocus={[Function]}
          onKeyDown={[Function]}
          tabIndex={-1}
        >
          <div
            className="cssClass[calendarViewItemLabel] cssClass[unitDay]"
            onClick={[Function]}
          >
            22
          </div>
        </td>
        <td
          className="cssClass[calendarViewItem]"
          onBlur={[Function]}
          onFocus={[Function]}
          onKeyDown={[Function]}
          tabIndex={-1}
        >
          <div
            className="cssClass[calendarViewItemLabel] cssClass[unitDay]"
            onClick={[Function]}
          >
            23
          </div>
        </td>
        <td
          className="cssClass[calendarViewItem]"
          onBlur={[Function]}
          onFocus={[Function]}
          onKeyDown={[Function]}
          tabIndex={-1}
        >
          <div
            className="cssClass[calendarViewItemLabel] cssClass[unitDay]"
            onClick={[Function]}
          >
            24
          </div>
        </td>
      </tr>
      <tr>
        <td
          className="cssClass[calendarViewItem]"
          onBlur={[Function]}
          onFocus={[Function]}
          onKeyDown={[Function]}
          tabIndex={-1}
        >
          <div
            className="cssClass[calendarViewItemLabel] cssClass[unitDay]"
            onClick={[Function]}
          >
            25
          </div>
        </td>
        <td
          className="cssClass[calendarViewItem]"
          onBlur={[Function]}
          onFocus={[Function]}
          onKeyDown={[Function]}
          tabIndex={-1}
        >
          <div
            className="cssClass[calendarViewItemLabel] cssClass[unitDay]"
            onClick={[Function]}
          >
            26
          </div>
        </td>
        <td
          className="cssClass[calendarViewItem]"
          onBlur={[Function]}
          onFocus={[Function]}
          onKeyDown={[Function]}
          tabIndex={-1}
        >
          <div
            className="cssClass[calendarViewItemLabel] cssClass[unitDay]"
            onClick={[Function]}
          >
            27
          </div>
        </td>
        <td
          className="cssClass[calendarViewItem]"
          onBlur={[Function]}
          onFocus={[Function]}
          onKeyDown={[Function]}
          tabIndex={-1}
        >
          <div
            className="cssClass[calendarViewItemLabel] cssClass[unitDay]"
            onClick={[Function]}
          >
            28
          </div>
        </td>
        <td
          className="cssClass[calendarViewItem]"
          onBlur={[Function]}
          onFocus={[Function]}
          onKeyDown={[Function]}
          tabIndex={-1}
        >
          <div
            className="cssClass[calendarViewItemLabel] cssClass[unitDay]"
            onClick={[Function]}
          >
            29
          </div>
        </td>
        <td
          className="cssClass[calendarViewItem]"
          onBlur={[Function]}
          onFocus={[Function]}
          onKeyDown={[Function]}
          tabIndex={-1}
        >
          <div
            className="cssClass[calendarViewItemLabel] cssClass[unitDay]"
            onClick={[Function]}
          >
            30
          </div>
        </td>
        <td
          className="cssClass[calendarViewItem]"
          onBlur={[Function]}
          onFocus={[Function]}
          onKeyDown={[Function]}
          tabIndex={-1}
        >
          <div
            className="cssClass[calendarViewItemLabel] cssClass[unitDay]"
            onClick={[Function]}
          >
            31
          </div>
        </td>
      </tr>
      <tr>
        <td
          className="cssClass[calendarViewItem]"
          onBlur={[Function]}
          onFocus={[Function]}
          onKeyDown={[Function]}
          tabIndex={-1}
        >
          <div
            className="cssClass[calendarViewItemLabel] cssClass[unitDay] cssClass[muted]"
            onClick={[Function]}
          >
            1
          </div>
        </td>
        <td
          className="cssClass[calendarViewItem]"
          onBlur={[Function]}
          onFocus={[Function]}
          onKeyDown={[Function]}
          tabIndex={-1}
        >
          <div
            className="cssClass[calendarViewItemLabel] cssClass[unitDay] cssClass[muted]"
            onClick={[Function]}
          >
            2
          </div>
        </td>
        <td
          className="cssClass[calendarViewItem]"
          onBlur={[Function]}
          onFocus={[Function]}
          onKeyDown={[Function]}
          tabIndex={-1}
        >
          <div
            className="cssClass[calendarViewItemLabel] cssClass[unitDay] cssClass[muted]"
            onClick={[Function]}
          >
            3
          </div>
        </td>
        <td
          className="cssClass[calendarViewItem]"
          onBlur={[Function]}
          onFocus={[Function]}
          onKeyDown={[Function]}
          tabIndex={-1}
        >
          <div
            className="cssClass[calendarViewItemLabel] cssClass[unitDay] cssClass[muted]"
            onClick={[Function]}
          >
            4
          </div>
        </td>
        <td
          className="cssClass[calendarViewItem]"
          onBlur={[Function]}
          onFocus={[Function]}
          onKeyDown={[Function]}
          tabIndex={-1}
        >
          <div
            className="cssClass[calendarViewItemLabel] cssClass[unitDay] cssClass[muted]"
            onClick={[Function]}
          >
            5
          </div>
        </td>
        <td
          className="cssClass[calendarViewItem]"
          onBlur={[Function]}
          onFocus={[Function]}
          onKeyDown={[Function]}
          tabIndex={-1}
        >
          <div
            className="cssClass[calendarViewItemLabel] cssClass[unitDay] cssClass[muted]"
            onClick={[Function]}
          >
            6
          </div>
        </td>
        <td
          className="cssClass[calendarViewItem]"
          onBlur={[Function]}
          onFocus={[Function]}
          onKeyDown={[Function]}
          tabIndex={-1}
        >
          <div
            className="cssClass[calendarViewItemLabel] cssClass[unitDay] cssClass[muted]"
            onClick={[Function]}
          >
            7
          </div>
        </td>
      </tr>
    </tbody>
  </table>
</div>
`;

exports[`Calendar render marked days 1`] = `
<div
  className="cssClass[calendar]"
  data-tx="10.0.0"
>
  <div
    className="cssClass[calendarHeader]"
  >
    <button
      className="cssClass[buttonIcon] cssClass[circle] hoverable"
      data-tx="10.0.0"
      disabled={false}
      onClick={[Function]}
      type="button"
    >
      <svg />
    </button>
    <button
      aria-live="polite"
      className="cssClass[button] cssClass[link] cssClass[SM] hoverable"
      data-tx="10.0.0"
      id="calendar-period-0"
      onClick={[Function]}
      type="button"
    >
      <span
        className="cssClass[content]"
      >
        January 1970
      </span>
    </button>
    <button
      className="cssClass[buttonIcon] cssClass[circle] hoverable"
      data-tx="10.0.0"
      disabled={false}
      onClick={[Function]}
      type="button"
    >
      <svg />
    </button>
  </div>
  <table
    aria-labelledby="calendar-period-0"
    className="cssClass[calendarViewDays]"
    role="grid"
  >
    <thead>
      <tr>
        <th
          abbr="Sunday"
          className="cssClass[calendarViewDaysHeader]"
        >
          Su
        </th>
        <th
          abbr="Monday"
          className="cssClass[calendarViewDaysHeader]"
        >
          Mo
        </th>
        <th
          abbr="Tuesday"
          className="cssClass[calendarViewDaysHeader]"
        >
          Tu
        </th>
        <th
          abbr="Wednesday"
          className="cssClass[calendarViewDaysHeader]"
        >
          We
        </th>
        <th
          abbr="Thursday"
          className="cssClass[calendarViewDaysHeader]"
        >
          Th
        </th>
        <th
          abbr="Friday"
          className="cssClass[calendarViewDaysHeader]"
        >
          Fr
        </th>
        <th
          abbr="Saturday"
          className="cssClass[calendarViewDaysHeader]"
        >
          Sa
        </th>
      </tr>
    </thead>
    <tbody
      className="cssClass[calendarViewDaysBody]"
    >
      <tr>
        <td
          className="cssClass[calendarViewItem]"
          onBlur={[Function]}
          onFocus={[Function]}
          onKeyDown={[Function]}
          tabIndex={-1}
        >
          <div
            className="cssClass[calendarViewItemLabel] cssClass[unitDay] cssClass[muted]"
            onClick={[Function]}
          >
            28
          </div>
        </td>
        <td
          className="cssClass[calendarViewItem]"
          onBlur={[Function]}
          onFocus={[Function]}
          onKeyDown={[Function]}
          tabIndex={-1}
        >
          <div
            className="cssClass[calendarViewItemLabel] cssClass[unitDay] cssClass[muted]"
            onClick={[Function]}
          >
            29
          </div>
        </td>
        <td
          className="cssClass[calendarViewItem]"
          onBlur={[Function]}
          onFocus={[Function]}
          onKeyDown={[Function]}
          tabIndex={-1}
        >
          <div
            className="cssClass[calendarViewItemLabel] cssClass[unitDay] cssClass[muted]"
            onClick={[Function]}
          >
            30
          </div>
        </td>
        <td
          className="cssClass[calendarViewItem]"
          onBlur={[Function]}
          onFocus={[Function]}
          onKeyDown={[Function]}
          tabIndex={-1}
        >
          <div
            className="cssClass[calendarViewItemLabel] cssClass[unitDay] cssClass[muted]"
            onClick={[Function]}
          >
            31
          </div>
        </td>
        <td
          aria-selected={true}
          className="cssClass[calendarViewItem]"
          onBlur={[Function]}
          onFocus={[Function]}
          onKeyDown={[Function]}
          tabIndex={0}
        >
          <div
            className="cssClass[calendarViewItemLabel] cssClass[unitDay] cssClass[marked] cssClass[selected]"
            onClick={[Function]}
          >
            1
          </div>
        </td>
        <td
          className="cssClass[calendarViewItem]"
          onBlur={[Function]}
          onFocus={[Function]}
          onKeyDown={[Function]}
          tabIndex={-1}
        >
          <div
            className="cssClass[calendarViewItemLabel] cssClass[unitDay] cssClass[marked]"
            onClick={[Function]}
          >
            2
          </div>
        </td>
        <td
          className="cssClass[calendarViewItem]"
          onBlur={[Function]}
          onFocus={[Function]}
          onKeyDown={[Function]}
          tabIndex={-1}
        >
          <div
            className="cssClass[calendarViewItemLabel] cssClass[unitDay] cssClass[marked]"
            onClick={[Function]}
          >
            3
          </div>
        </td>
      </tr>
      <tr>
        <td
          className="cssClass[calendarViewItem]"
          onBlur={[Function]}
          onFocus={[Function]}
          onKeyDown={[Function]}
          tabIndex={-1}
        >
          <div
            className="cssClass[calendarViewItemLabel] cssClass[unitDay]"
            onClick={[Function]}
          >
            4
          </div>
        </td>
        <td
          className="cssClass[calendarViewItem]"
          onBlur={[Function]}
          onFocus={[Function]}
          onKeyDown={[Function]}
          tabIndex={-1}
        >
          <div
            className="cssClass[calendarViewItemLabel] cssClass[unitDay]"
            onClick={[Function]}
          >
            5
          </div>
        </td>
        <td
          className="cssClass[calendarViewItem]"
          onBlur={[Function]}
          onFocus={[Function]}
          onKeyDown={[Function]}
          tabIndex={-1}
        >
          <div
            className="cssClass[calendarViewItemLabel] cssClass[unitDay]"
            onClick={[Function]}
          >
            6
          </div>
        </td>
        <td
          className="cssClass[calendarViewItem]"
          onBlur={[Function]}
          onFocus={[Function]}
          onKeyDown={[Function]}
          tabIndex={-1}
        >
          <div
            className="cssClass[calendarViewItemLabel] cssClass[unitDay]"
            onClick={[Function]}
          >
            7
          </div>
        </td>
        <td
          className="cssClass[calendarViewItem]"
          onBlur={[Function]}
          onFocus={[Function]}
          onKeyDown={[Function]}
          tabIndex={-1}
        >
          <div
            className="cssClass[calendarViewItemLabel] cssClass[unitDay]"
            onClick={[Function]}
          >
            8
          </div>
        </td>
        <td
          className="cssClass[calendarViewItem]"
          onBlur={[Function]}
          onFocus={[Function]}
          onKeyDown={[Function]}
          tabIndex={-1}
        >
          <div
            className="cssClass[calendarViewItemLabel] cssClass[unitDay]"
            onClick={[Function]}
          >
            9
          </div>
        </td>
        <td
          className="cssClass[calendarViewItem]"
          onBlur={[Function]}
          onFocus={[Function]}
          onKeyDown={[Function]}
          tabIndex={-1}
        >
          <div
            className="cssClass[calendarViewItemLabel] cssClass[unitDay]"
            onClick={[Function]}
          >
            10
          </div>
        </td>
      </tr>
      <tr>
        <td
          className="cssClass[calendarViewItem]"
          onBlur={[Function]}
          onFocus={[Function]}
          onKeyDown={[Function]}
          tabIndex={-1}
        >
          <div
            className="cssClass[calendarViewItemLabel] cssClass[unitDay]"
            onClick={[Function]}
          >
            11
          </div>
        </td>
        <td
          className="cssClass[calendarViewItem]"
          onBlur={[Function]}
          onFocus={[Function]}
          onKeyDown={[Function]}
          tabIndex={-1}
        >
          <div
            className="cssClass[calendarViewItemLabel] cssClass[unitDay]"
            onClick={[Function]}
          >
            12
          </div>
        </td>
        <td
          className="cssClass[calendarViewItem]"
          onBlur={[Function]}
          onFocus={[Function]}
          onKeyDown={[Function]}
          tabIndex={-1}
        >
          <div
            className="cssClass[calendarViewItemLabel] cssClass[unitDay]"
            onClick={[Function]}
          >
            13
          </div>
        </td>
        <td
          className="cssClass[calendarViewItem]"
          onBlur={[Function]}
          onFocus={[Function]}
          onKeyDown={[Function]}
          tabIndex={-1}
        >
          <div
            className="cssClass[calendarViewItemLabel] cssClass[unitDay]"
            onClick={[Function]}
          >
            14
          </div>
        </td>
        <td
          className="cssClass[calendarViewItem]"
          onBlur={[Function]}
          onFocus={[Function]}
          onKeyDown={[Function]}
          tabIndex={-1}
        >
          <div
            className="cssClass[calendarViewItemLabel] cssClass[unitDay]"
            onClick={[Function]}
          >
            15
          </div>
        </td>
        <td
          className="cssClass[calendarViewItem]"
          onBlur={[Function]}
          onFocus={[Function]}
          onKeyDown={[Function]}
          tabIndex={-1}
        >
          <div
            className="cssClass[calendarViewItemLabel] cssClass[unitDay]"
            onClick={[Function]}
          >
            16
          </div>
        </td>
        <td
          className="cssClass[calendarViewItem]"
          onBlur={[Function]}
          onFocus={[Function]}
          onKeyDown={[Function]}
          tabIndex={-1}
        >
          <div
            className="cssClass[calendarViewItemLabel] cssClass[unitDay]"
            onClick={[Function]}
          >
            17
          </div>
        </td>
      </tr>
      <tr>
        <td
          className="cssClass[calendarViewItem]"
          onBlur={[Function]}
          onFocus={[Function]}
          onKeyDown={[Function]}
          tabIndex={-1}
        >
          <div
            className="cssClass[calendarViewItemLabel] cssClass[unitDay]"
            onClick={[Function]}
          >
            18
          </div>
        </td>
        <td
          className="cssClass[calendarViewItem]"
          onBlur={[Function]}
          onFocus={[Function]}
          onKeyDown={[Function]}
          tabIndex={-1}
        >
          <div
            className="cssClass[calendarViewItemLabel] cssClass[unitDay]"
            onClick={[Function]}
          >
            19
          </div>
        </td>
        <td
          className="cssClass[calendarViewItem]"
          onBlur={[Function]}
          onFocus={[Function]}
          onKeyDown={[Function]}
          tabIndex={-1}
        >
          <div
            className="cssClass[calendarViewItemLabel] cssClass[unitDay]"
            onClick={[Function]}
          >
            20
          </div>
        </td>
        <td
          className="cssClass[calendarViewItem]"
          onBlur={[Function]}
          onFocus={[Function]}
          onKeyDown={[Function]}
          tabIndex={-1}
        >
          <div
            className="cssClass[calendarViewItemLabel] cssClass[unitDay]"
            onClick={[Function]}
          >
            21
          </div>
        </td>
        <td
          className="cssClass[calendarViewItem]"
          onBlur={[Function]}
          onFocus={[Function]}
          onKeyDown={[Function]}
          tabIndex={-1}
        >
          <div
            className="cssClass[calendarViewItemLabel] cssClass[unitDay]"
            onClick={[Function]}
          >
            22
          </div>
        </td>
        <td
          className="cssClass[calendarViewItem]"
          onBlur={[Function]}
          onFocus={[Function]}
          onKeyDown={[Function]}
          tabIndex={-1}
        >
          <div
            className="cssClass[calendarViewItemLabel] cssClass[unitDay]"
            onClick={[Function]}
          >
            23
          </div>
        </td>
        <td
          className="cssClass[calendarViewItem]"
          onBlur={[Function]}
          onFocus={[Function]}
          onKeyDown={[Function]}
          tabIndex={-1}
        >
          <div
            className="cssClass[calendarViewItemLabel] cssClass[unitDay]"
            onClick={[Function]}
          >
            24
          </div>
        </td>
      </tr>
      <tr>
        <td
          className="cssClass[calendarViewItem]"
          onBlur={[Function]}
          onFocus={[Function]}
          onKeyDown={[Function]}
          tabIndex={-1}
        >
          <div
            className="cssClass[calendarViewItemLabel] cssClass[unitDay]"
            onClick={[Function]}
          >
            25
          </div>
        </td>
        <td
          className="cssClass[calendarViewItem]"
          onBlur={[Function]}
          onFocus={[Function]}
          onKeyDown={[Function]}
          tabIndex={-1}
        >
          <div
            className="cssClass[calendarViewItemLabel] cssClass[unitDay]"
            onClick={[Function]}
          >
            26
          </div>
        </td>
        <td
          className="cssClass[calendarViewItem]"
          onBlur={[Function]}
          onFocus={[Function]}
          onKeyDown={[Function]}
          tabIndex={-1}
        >
          <div
            className="cssClass[calendarViewItemLabel] cssClass[unitDay]"
            onClick={[Function]}
          >
            27
          </div>
        </td>
        <td
          className="cssClass[calendarViewItem]"
          onBlur={[Function]}
          onFocus={[Function]}
          onKeyDown={[Function]}
          tabIndex={-1}
        >
          <div
            className="cssClass[calendarViewItemLabel] cssClass[unitDay]"
            onClick={[Function]}
          >
            28
          </div>
        </td>
        <td
          className="cssClass[calendarViewItem]"
          onBlur={[Function]}
          onFocus={[Function]}
          onKeyDown={[Function]}
          tabIndex={-1}
        >
          <div
            className="cssClass[calendarViewItemLabel] cssClass[unitDay]"
            onClick={[Function]}
          >
            29
          </div>
        </td>
        <td
          className="cssClass[calendarViewItem]"
          onBlur={[Function]}
          onFocus={[Function]}
          onKeyDown={[Function]}
          tabIndex={-1}
        >
          <div
            className="cssClass[calendarViewItemLabel] cssClass[unitDay]"
            onClick={[Function]}
          >
            30
          </div>
        </td>
        <td
          className="cssClass[calendarViewItem]"
          onBlur={[Function]}
          onFocus={[Function]}
          onKeyDown={[Function]}
          tabIndex={-1}
        >
          <div
            className="cssClass[calendarViewItemLabel] cssClass[unitDay]"
            onClick={[Function]}
          >
            31
          </div>
        </td>
      </tr>
      <tr>
        <td
          className="cssClass[calendarViewItem]"
          onBlur={[Function]}
          onFocus={[Function]}
          onKeyDown={[Function]}
          tabIndex={-1}
        >
          <div
            className="cssClass[calendarViewItemLabel] cssClass[unitDay] cssClass[muted]"
            onClick={[Function]}
          >
            1
          </div>
        </td>
        <td
          className="cssClass[calendarViewItem]"
          onBlur={[Function]}
          onFocus={[Function]}
          onKeyDown={[Function]}
          tabIndex={-1}
        >
          <div
            className="cssClass[calendarViewItemLabel] cssClass[unitDay] cssClass[muted]"
            onClick={[Function]}
          >
            2
          </div>
        </td>
        <td
          className="cssClass[calendarViewItem]"
          onBlur={[Function]}
          onFocus={[Function]}
          onKeyDown={[Function]}
          tabIndex={-1}
        >
          <div
            className="cssClass[calendarViewItemLabel] cssClass[unitDay] cssClass[muted]"
            onClick={[Function]}
          >
            3
          </div>
        </td>
        <td
          className="cssClass[calendarViewItem]"
          onBlur={[Function]}
          onFocus={[Function]}
          onKeyDown={[Function]}
          tabIndex={-1}
        >
          <div
            className="cssClass[calendarViewItemLabel] cssClass[unitDay] cssClass[muted]"
            onClick={[Function]}
          >
            4
          </div>
        </td>
        <td
          className="cssClass[calendarViewItem]"
          onBlur={[Function]}
          onFocus={[Function]}
          onKeyDown={[Function]}
          tabIndex={-1}
        >
          <div
            className="cssClass[calendarViewItemLabel] cssClass[unitDay] cssClass[muted]"
            onClick={[Function]}
          >
            5
          </div>
        </td>
        <td
          className="cssClass[calendarViewItem]"
          onBlur={[Function]}
          onFocus={[Function]}
          onKeyDown={[Function]}
          tabIndex={-1}
        >
          <div
            className="cssClass[calendarViewItemLabel] cssClass[unitDay] cssClass[muted]"
            onClick={[Function]}
          >
            6
          </div>
        </td>
        <td
          className="cssClass[calendarViewItem]"
          onBlur={[Function]}
          onFocus={[Function]}
          onKeyDown={[Function]}
          tabIndex={-1}
        >
          <div
            className="cssClass[calendarViewItemLabel] cssClass[unitDay] cssClass[muted]"
            onClick={[Function]}
          >
            7
          </div>
        </td>
      </tr>
    </tbody>
  </table>
</div>
`;

exports[`Calendar renders correctly 1`] = `
<div
  className="cssClass[calendar]"
  data-tx="10.0.0"
>
  <div
    className="cssClass[calendarHeader]"
  >
    <button
      className="cssClass[buttonIcon] cssClass[circle] hoverable"
      data-tx="10.0.0"
      disabled={false}
      onClick={[Function]}
      type="button"
    >
      <svg />
    </button>
    <button
      aria-live="polite"
      className="cssClass[button] cssClass[link] cssClass[SM] hoverable"
      data-tx="10.0.0"
      id="calendar-period-0"
      onClick={[Function]}
      type="button"
    >
      <span
        className="cssClass[content]"
      >
        January 1970
      </span>
    </button>
    <button
      className="cssClass[buttonIcon] cssClass[circle] hoverable"
      data-tx="10.0.0"
      disabled={false}
      onClick={[Function]}
      type="button"
    >
      <svg />
    </button>
  </div>
  <table
    aria-labelledby="calendar-period-0"
    className="cssClass[calendarViewDays]"
    role="grid"
  >
    <thead>
      <tr>
        <th
          abbr="Sunday"
          className="cssClass[calendarViewDaysHeader]"
        >
          Su
        </th>
        <th
          abbr="Monday"
          className="cssClass[calendarViewDaysHeader]"
        >
          Mo
        </th>
        <th
          abbr="Tuesday"
          className="cssClass[calendarViewDaysHeader]"
        >
          Tu
        </th>
        <th
          abbr="Wednesday"
          className="cssClass[calendarViewDaysHeader]"
        >
          We
        </th>
        <th
          abbr="Thursday"
          className="cssClass[calendarViewDaysHeader]"
        >
          Th
        </th>
        <th
          abbr="Friday"
          className="cssClass[calendarViewDaysHeader]"
        >
          Fr
        </th>
        <th
          abbr="Saturday"
          className="cssClass[calendarViewDaysHeader]"
        >
          Sa
        </th>
      </tr>
    </thead>
    <tbody
      className="cssClass[calendarViewDaysBody]"
    >
      <tr>
        <td
          className="cssClass[calendarViewItem]"
          onBlur={[Function]}
          onFocus={[Function]}
          onKeyDown={[Function]}
          tabIndex={-1}
        >
          <div
            className="cssClass[calendarViewItemLabel] cssClass[unitDay] cssClass[muted]"
            onClick={[Function]}
          >
            28
          </div>
        </td>
        <td
          className="cssClass[calendarViewItem]"
          onBlur={[Function]}
          onFocus={[Function]}
          onKeyDown={[Function]}
          tabIndex={-1}
        >
          <div
            className="cssClass[calendarViewItemLabel] cssClass[unitDay] cssClass[muted]"
            onClick={[Function]}
          >
            29
          </div>
        </td>
        <td
          className="cssClass[calendarViewItem]"
          onBlur={[Function]}
          onFocus={[Function]}
          onKeyDown={[Function]}
          tabIndex={-1}
        >
          <div
            className="cssClass[calendarViewItemLabel] cssClass[unitDay] cssClass[muted]"
            onClick={[Function]}
          >
            30
          </div>
        </td>
        <td
          className="cssClass[calendarViewItem]"
          onBlur={[Function]}
          onFocus={[Function]}
          onKeyDown={[Function]}
          tabIndex={-1}
        >
          <div
            className="cssClass[calendarViewItemLabel] cssClass[unitDay] cssClass[muted]"
            onClick={[Function]}
          >
            31
          </div>
        </td>
        <td
          aria-selected={true}
          className="cssClass[calendarViewItem]"
          onBlur={[Function]}
          onFocus={[Function]}
          onKeyDown={[Function]}
          tabIndex={0}
        >
          <div
            className="cssClass[calendarViewItemLabel] cssClass[unitDay] cssClass[selected]"
            onClick={[Function]}
          >
            1
          </div>
        </td>
        <td
          className="cssClass[calendarViewItem]"
          onBlur={[Function]}
          onFocus={[Function]}
          onKeyDown={[Function]}
          tabIndex={-1}
        >
          <div
            className="cssClass[calendarViewItemLabel] cssClass[unitDay]"
            onClick={[Function]}
          >
            2
          </div>
        </td>
        <td
          className="cssClass[calendarViewItem]"
          onBlur={[Function]}
          onFocus={[Function]}
          onKeyDown={[Function]}
          tabIndex={-1}
        >
          <div
            className="cssClass[calendarViewItemLabel] cssClass[unitDay]"
            onClick={[Function]}
          >
            3
          </div>
        </td>
      </tr>
      <tr>
        <td
          className="cssClass[calendarViewItem]"
          onBlur={[Function]}
          onFocus={[Function]}
          onKeyDown={[Function]}
          tabIndex={-1}
        >
          <div
            className="cssClass[calendarViewItemLabel] cssClass[unitDay]"
            onClick={[Function]}
          >
            4
          </div>
        </td>
        <td
          className="cssClass[calendarViewItem]"
          onBlur={[Function]}
          onFocus={[Function]}
          onKeyDown={[Function]}
          tabIndex={-1}
        >
          <div
            className="cssClass[calendarViewItemLabel] cssClass[unitDay]"
            onClick={[Function]}
          >
            5
          </div>
        </td>
        <td
          className="cssClass[calendarViewItem]"
          onBlur={[Function]}
          onFocus={[Function]}
          onKeyDown={[Function]}
          tabIndex={-1}
        >
          <div
            className="cssClass[calendarViewItemLabel] cssClass[unitDay]"
            onClick={[Function]}
          >
            6
          </div>
        </td>
        <td
          className="cssClass[calendarViewItem]"
          onBlur={[Function]}
          onFocus={[Function]}
          onKeyDown={[Function]}
          tabIndex={-1}
        >
          <div
            className="cssClass[calendarViewItemLabel] cssClass[unitDay]"
            onClick={[Function]}
          >
            7
          </div>
        </td>
        <td
          className="cssClass[calendarViewItem]"
          onBlur={[Function]}
          onFocus={[Function]}
          onKeyDown={[Function]}
          tabIndex={-1}
        >
          <div
            className="cssClass[calendarViewItemLabel] cssClass[unitDay]"
            onClick={[Function]}
          >
            8
          </div>
        </td>
        <td
          className="cssClass[calendarViewItem]"
          onBlur={[Function]}
          onFocus={[Function]}
          onKeyDown={[Function]}
          tabIndex={-1}
        >
          <div
            className="cssClass[calendarViewItemLabel] cssClass[unitDay]"
            onClick={[Function]}
          >
            9
          </div>
        </td>
        <td
          className="cssClass[calendarViewItem]"
          onBlur={[Function]}
          onFocus={[Function]}
          onKeyDown={[Function]}
          tabIndex={-1}
        >
          <div
            className="cssClass[calendarViewItemLabel] cssClass[unitDay]"
            onClick={[Function]}
          >
            10
          </div>
        </td>
      </tr>
      <tr>
        <td
          className="cssClass[calendarViewItem]"
          onBlur={[Function]}
          onFocus={[Function]}
          onKeyDown={[Function]}
          tabIndex={-1}
        >
          <div
            className="cssClass[calendarViewItemLabel] cssClass[unitDay]"
            onClick={[Function]}
          >
            11
          </div>
        </td>
        <td
          className="cssClass[calendarViewItem]"
          onBlur={[Function]}
          onFocus={[Function]}
          onKeyDown={[Function]}
          tabIndex={-1}
        >
          <div
            className="cssClass[calendarViewItemLabel] cssClass[unitDay]"
            onClick={[Function]}
          >
            12
          </div>
        </td>
        <td
          className="cssClass[calendarViewItem]"
          onBlur={[Function]}
          onFocus={[Function]}
          onKeyDown={[Function]}
          tabIndex={-1}
        >
          <div
            className="cssClass[calendarViewItemLabel] cssClass[unitDay]"
            onClick={[Function]}
          >
            13
          </div>
        </td>
        <td
          className="cssClass[calendarViewItem]"
          onBlur={[Function]}
          onFocus={[Function]}
          onKeyDown={[Function]}
          tabIndex={-1}
        >
          <div
            className="cssClass[calendarViewItemLabel] cssClass[unitDay]"
            onClick={[Function]}
          >
            14
          </div>
        </td>
        <td
          className="cssClass[calendarViewItem]"
          onBlur={[Function]}
          onFocus={[Function]}
          onKeyDown={[Function]}
          tabIndex={-1}
        >
          <div
            className="cssClass[calendarViewItemLabel] cssClass[unitDay]"
            onClick={[Function]}
          >
            15
          </div>
        </td>
        <td
          className="cssClass[calendarViewItem]"
          onBlur={[Function]}
          onFocus={[Function]}
          onKeyDown={[Function]}
          tabIndex={-1}
        >
          <div
            className="cssClass[calendarViewItemLabel] cssClass[unitDay]"
            onClick={[Function]}
          >
            16
          </div>
        </td>
        <td
          className="cssClass[calendarViewItem]"
          onBlur={[Function]}
          onFocus={[Function]}
          onKeyDown={[Function]}
          tabIndex={-1}
        >
          <div
            className="cssClass[calendarViewItemLabel] cssClass[unitDay]"
            onClick={[Function]}
          >
            17
          </div>
        </td>
      </tr>
      <tr>
        <td
          className="cssClass[calendarViewItem]"
          onBlur={[Function]}
          onFocus={[Function]}
          onKeyDown={[Function]}
          tabIndex={-1}
        >
          <div
            className="cssClass[calendarViewItemLabel] cssClass[unitDay]"
            onClick={[Function]}
          >
            18
          </div>
        </td>
        <td
          className="cssClass[calendarViewItem]"
          onBlur={[Function]}
          onFocus={[Function]}
          onKeyDown={[Function]}
          tabIndex={-1}
        >
          <div
            className="cssClass[calendarViewItemLabel] cssClass[unitDay]"
            onClick={[Function]}
          >
            19
          </div>
        </td>
        <td
          className="cssClass[calendarViewItem]"
          onBlur={[Function]}
          onFocus={[Function]}
          onKeyDown={[Function]}
          tabIndex={-1}
        >
          <div
            className="cssClass[calendarViewItemLabel] cssClass[unitDay]"
            onClick={[Function]}
          >
            20
          </div>
        </td>
        <td
          className="cssClass[calendarViewItem]"
          onBlur={[Function]}
          onFocus={[Function]}
          onKeyDown={[Function]}
          tabIndex={-1}
        >
          <div
            className="cssClass[calendarViewItemLabel] cssClass[unitDay]"
            onClick={[Function]}
          >
            21
          </div>
        </td>
        <td
          className="cssClass[calendarViewItem]"
          onBlur={[Function]}
          onFocus={[Function]}
          onKeyDown={[Function]}
          tabIndex={-1}
        >
          <div
            className="cssClass[calendarViewItemLabel] cssClass[unitDay]"
            onClick={[Function]}
          >
            22
          </div>
        </td>
        <td
          className="cssClass[calendarViewItem]"
          onBlur={[Function]}
          onFocus={[Function]}
          onKeyDown={[Function]}
          tabIndex={-1}
        >
          <div
            className="cssClass[calendarViewItemLabel] cssClass[unitDay]"
            onClick={[Function]}
          >
            23
          </div>
        </td>
        <td
          className="cssClass[calendarViewItem]"
          onBlur={[Function]}
          onFocus={[Function]}
          onKeyDown={[Function]}
          tabIndex={-1}
        >
          <div
            className="cssClass[calendarViewItemLabel] cssClass[unitDay]"
            onClick={[Function]}
          >
            24
          </div>
        </td>
      </tr>
      <tr>
        <td
          className="cssClass[calendarViewItem]"
          onBlur={[Function]}
          onFocus={[Function]}
          onKeyDown={[Function]}
          tabIndex={-1}
        >
          <div
            className="cssClass[calendarViewItemLabel] cssClass[unitDay]"
            onClick={[Function]}
          >
            25
          </div>
        </td>
        <td
          className="cssClass[calendarViewItem]"
          onBlur={[Function]}
          onFocus={[Function]}
          onKeyDown={[Function]}
          tabIndex={-1}
        >
          <div
            className="cssClass[calendarViewItemLabel] cssClass[unitDay]"
            onClick={[Function]}
          >
            26
          </div>
        </td>
        <td
          className="cssClass[calendarViewItem]"
          onBlur={[Function]}
          onFocus={[Function]}
          onKeyDown={[Function]}
          tabIndex={-1}
        >
          <div
            className="cssClass[calendarViewItemLabel] cssClass[unitDay]"
            onClick={[Function]}
          >
            27
          </div>
        </td>
        <td
          className="cssClass[calendarViewItem]"
          onBlur={[Function]}
          onFocus={[Function]}
          onKeyDown={[Function]}
          tabIndex={-1}
        >
          <div
            className="cssClass[calendarViewItemLabel] cssClass[unitDay]"
            onClick={[Function]}
          >
            28
          </div>
        </td>
        <td
          className="cssClass[calendarViewItem]"
          onBlur={[Function]}
          onFocus={[Function]}
          onKeyDown={[Function]}
          tabIndex={-1}
        >
          <div
            className="cssClass[calendarViewItemLabel] cssClass[unitDay]"
            onClick={[Function]}
          >
            29
          </div>
        </td>
        <td
          className="cssClass[calendarViewItem]"
          onBlur={[Function]}
          onFocus={[Function]}
          onKeyDown={[Function]}
          tabIndex={-1}
        >
          <div
            className="cssClass[calendarViewItemLabel] cssClass[unitDay]"
            onClick={[Function]}
          >
            30
          </div>
        </td>
        <td
          className="cssClass[calendarViewItem]"
          onBlur={[Function]}
          onFocus={[Function]}
          onKeyDown={[Function]}
          tabIndex={-1}
        >
          <div
            className="cssClass[calendarViewItemLabel] cssClass[unitDay]"
            onClick={[Function]}
          >
            31
          </div>
        </td>
      </tr>
      <tr>
        <td
          className="cssClass[calendarViewItem]"
          onBlur={[Function]}
          onFocus={[Function]}
          onKeyDown={[Function]}
          tabIndex={-1}
        >
          <div
            className="cssClass[calendarViewItemLabel] cssClass[unitDay] cssClass[muted]"
            onClick={[Function]}
          >
            1
          </div>
        </td>
        <td
          className="cssClass[calendarViewItem]"
          onBlur={[Function]}
          onFocus={[Function]}
          onKeyDown={[Function]}
          tabIndex={-1}
        >
          <div
            className="cssClass[calendarViewItemLabel] cssClass[unitDay] cssClass[muted]"
            onClick={[Function]}
          >
            2
          </div>
        </td>
        <td
          className="cssClass[calendarViewItem]"
          onBlur={[Function]}
          onFocus={[Function]}
          onKeyDown={[Function]}
          tabIndex={-1}
        >
          <div
            className="cssClass[calendarViewItemLabel] cssClass[unitDay] cssClass[muted]"
            onClick={[Function]}
          >
            3
          </div>
        </td>
        <td
          className="cssClass[calendarViewItem]"
          onBlur={[Function]}
          onFocus={[Function]}
          onKeyDown={[Function]}
          tabIndex={-1}
        >
          <div
            className="cssClass[calendarViewItemLabel] cssClass[unitDay] cssClass[muted]"
            onClick={[Function]}
          >
            4
          </div>
        </td>
        <td
          className="cssClass[calendarViewItem]"
          onBlur={[Function]}
          onFocus={[Function]}
          onKeyDown={[Function]}
          tabIndex={-1}
        >
          <div
            className="cssClass[calendarViewItemLabel] cssClass[unitDay] cssClass[muted]"
            onClick={[Function]}
          >
            5
          </div>
        </td>
        <td
          className="cssClass[calendarViewItem]"
          onBlur={[Function]}
          onFocus={[Function]}
          onKeyDown={[Function]}
          tabIndex={-1}
        >
          <div
            className="cssClass[calendarViewItemLabel] cssClass[unitDay] cssClass[muted]"
            onClick={[Function]}
          >
            6
          </div>
        </td>
        <td
          className="cssClass[calendarViewItem]"
          onBlur={[Function]}
          onFocus={[Function]}
          onKeyDown={[Function]}
          tabIndex={-1}
        >
          <div
            className="cssClass[calendarViewItemLabel] cssClass[unitDay] cssClass[muted]"
            onClick={[Function]}
          >
            7
          </div>
        </td>
      </tr>
    </tbody>
  </table>
</div>
`;
