// Jest Snapshot v1, https://goo.gl/fbAQLP

exports[`Calendar render disabled days 1`] = `
<div
  className="cssClass[calendar]"
>
  <div
    className="cssClass[calendarHeader]"
  >
    <button
      className="cssClass[buttonIcon] cssClass[circle] hoverable"
      onBlur={[Function]}
      onClick={[Function]}
      onFocus={[Function]}
      onMouseDown={[Function]}
      type="button"
    >
      <svg />
    </button>
    <a
      aria-live="polite"
      className="cssClass[link] hoverable cssClass[focusVisible] cssClass[lg] cssClass[text]"
      id="calendar-period-0"
      onBlur={[Function]}
      onClick={[Function]}
      onMouseDown={[Function]}
      role="link"
      tabIndex={-1}
    >
      January 2021
    </a>
    <button
      className="cssClass[buttonIcon] cssClass[circle] hoverable"
      onBlur={[Function]}
      onClick={[Function]}
      onFocus={[Function]}
      onMouseDown={[Function]}
      type="button"
    >
      <svg />
    </button>
  </div>
  <table
    aria-labelledby="calendar-period-0"
    className="cssClass[calendarViewDays]"
    role="grid"
  >
    <thead
      className="cssClass[calendarViewDaysHead]"
    >
      <tr>
        <th
          abbr="Sunday"
          className="cssClass[calendarViewDaysHeader]"
        >
          Su
        </th>
        <th
          abbr="Monday"
          className="cssClass[calendarViewDaysHeader]"
        >
          Mo
        </th>
        <th
          abbr="Tuesday"
          className="cssClass[calendarViewDaysHeader]"
        >
          Tu
        </th>
        <th
          abbr="Wednesday"
          className="cssClass[calendarViewDaysHeader]"
        >
          We
        </th>
        <th
          abbr="Thursday"
          className="cssClass[calendarViewDaysHeader]"
        >
          Th
        </th>
        <th
          abbr="Friday"
          className="cssClass[calendarViewDaysHeader]"
        >
          Fr
        </th>
        <th
          abbr="Saturday"
          className="cssClass[calendarViewDaysHeader]"
        >
          Sa
        </th>
      </tr>
    </thead>
    <tbody
      className="cssClass[calendarViewDaysBody]"
    >
      <tr>
        <td
          aria-selected={false}
          className="cssClass[calendarDay]"
          onKeyDown={[Function]}
          tabIndex={-1}
        >
          <div
            className="cssClass[calendarDayNumber] cssClass[muted]"
            onClick={[Function]}
          >
            27
          </div>
        </td>
        <td
          aria-selected={false}
          className="cssClass[calendarDay]"
          onKeyDown={[Function]}
          tabIndex={-1}
        >
          <div
            className="cssClass[calendarDayNumber] cssClass[muted]"
            onClick={[Function]}
          >
            28
          </div>
        </td>
        <td
          aria-selected={false}
          className="cssClass[calendarDay]"
          onKeyDown={[Function]}
          tabIndex={-1}
        >
          <div
            className="cssClass[calendarDayNumber] cssClass[muted]"
            onClick={[Function]}
          >
            29
          </div>
        </td>
        <td
          aria-selected={false}
          className="cssClass[calendarDay]"
          onKeyDown={[Function]}
          tabIndex={-1}
        >
          <div
            className="cssClass[calendarDayNumber] cssClass[muted]"
            onClick={[Function]}
          >
            30
          </div>
        </td>
        <td
          aria-selected={false}
          className="cssClass[calendarDay]"
          onKeyDown={[Function]}
          tabIndex={-1}
        >
          <div
            className="cssClass[calendarDayNumber] cssClass[muted]"
            onClick={[Function]}
          >
            31
          </div>
        </td>
        <td
          aria-selected={true}
          className="cssClass[calendarDay]"
          onKeyDown={[Function]}
          tabIndex={0}
        >
          <div
            className="cssClass[calendarDayNumber] cssClass[selected]"
            onClick={[Function]}
          >
            1
          </div>
        </td>
        <td
          aria-selected={false}
          className="cssClass[calendarDay]"
          tabIndex={-1}
        >
          <div
            className="cssClass[calendarDayNumber] cssClass[disabled]"
          >
            2
          </div>
        </td>
      </tr>
      <tr>
        <td
          aria-selected={false}
          className="cssClass[calendarDay]"
          tabIndex={-1}
        >
          <div
            className="cssClass[calendarDayNumber] cssClass[disabled]"
          >
            3
          </div>
        </td>
        <td
          aria-selected={false}
          className="cssClass[calendarDay]"
          tabIndex={-1}
        >
          <div
            className="cssClass[calendarDayNumber] cssClass[disabled]"
          >
            4
          </div>
        </td>
        <td
          aria-selected={false}
          className="cssClass[calendarDay]"
          onKeyDown={[Function]}
          tabIndex={-1}
        >
          <div
            className="cssClass[calendarDayNumber]"
            onClick={[Function]}
          >
            5
          </div>
        </td>
        <td
          aria-selected={false}
          className="cssClass[calendarDay]"
          onKeyDown={[Function]}
          tabIndex={-1}
        >
          <div
            className="cssClass[calendarDayNumber]"
            onClick={[Function]}
          >
            6
          </div>
        </td>
        <td
          aria-selected={false}
          className="cssClass[calendarDay]"
          onKeyDown={[Function]}
          tabIndex={-1}
        >
          <div
            className="cssClass[calendarDayNumber]"
            onClick={[Function]}
          >
            7
          </div>
        </td>
        <td
          aria-selected={false}
          className="cssClass[calendarDay]"
          onKeyDown={[Function]}
          tabIndex={-1}
        >
          <div
            className="cssClass[calendarDayNumber]"
            onClick={[Function]}
          >
            8
          </div>
        </td>
        <td
          aria-selected={false}
          className="cssClass[calendarDay]"
          onKeyDown={[Function]}
          tabIndex={-1}
        >
          <div
            className="cssClass[calendarDayNumber]"
            onClick={[Function]}
          >
            9
          </div>
        </td>
      </tr>
      <tr>
        <td
          aria-selected={false}
          className="cssClass[calendarDay]"
          onKeyDown={[Function]}
          tabIndex={-1}
        >
          <div
            className="cssClass[calendarDayNumber]"
            onClick={[Function]}
          >
            10
          </div>
        </td>
        <td
          aria-selected={false}
          className="cssClass[calendarDay]"
          onKeyDown={[Function]}
          tabIndex={-1}
        >
          <div
            className="cssClass[calendarDayNumber]"
            onClick={[Function]}
          >
            11
          </div>
        </td>
        <td
          aria-selected={false}
          className="cssClass[calendarDay]"
          onKeyDown={[Function]}
          tabIndex={-1}
        >
          <div
            className="cssClass[calendarDayNumber]"
            onClick={[Function]}
          >
            12
          </div>
        </td>
        <td
          aria-selected={false}
          className="cssClass[calendarDay]"
          onKeyDown={[Function]}
          tabIndex={-1}
        >
          <div
            className="cssClass[calendarDayNumber]"
            onClick={[Function]}
          >
            13
          </div>
        </td>
        <td
          aria-selected={false}
          className="cssClass[calendarDay]"
          onKeyDown={[Function]}
          tabIndex={-1}
        >
          <div
            className="cssClass[calendarDayNumber]"
            onClick={[Function]}
          >
            14
          </div>
        </td>
        <td
          aria-selected={false}
          className="cssClass[calendarDay]"
          onKeyDown={[Function]}
          tabIndex={-1}
        >
          <div
            className="cssClass[calendarDayNumber]"
            onClick={[Function]}
          >
            15
          </div>
        </td>
        <td
          aria-selected={false}
          className="cssClass[calendarDay]"
          onKeyDown={[Function]}
          tabIndex={-1}
        >
          <div
            className="cssClass[calendarDayNumber]"
            onClick={[Function]}
          >
            16
          </div>
        </td>
      </tr>
      <tr>
        <td
          aria-selected={false}
          className="cssClass[calendarDay]"
          onKeyDown={[Function]}
          tabIndex={-1}
        >
          <div
            className="cssClass[calendarDayNumber]"
            onClick={[Function]}
          >
            17
          </div>
        </td>
        <td
          aria-selected={false}
          className="cssClass[calendarDay]"
          onKeyDown={[Function]}
          tabIndex={-1}
        >
          <div
            className="cssClass[calendarDayNumber]"
            onClick={[Function]}
          >
            18
          </div>
        </td>
        <td
          aria-selected={false}
          className="cssClass[calendarDay]"
          onKeyDown={[Function]}
          tabIndex={-1}
        >
          <div
            className="cssClass[calendarDayNumber]"
            onClick={[Function]}
          >
            19
          </div>
        </td>
        <td
          aria-selected={false}
          className="cssClass[calendarDay]"
          onKeyDown={[Function]}
          tabIndex={-1}
        >
          <div
            className="cssClass[calendarDayNumber]"
            onClick={[Function]}
          >
            20
          </div>
        </td>
        <td
          aria-selected={false}
          className="cssClass[calendarDay]"
          onKeyDown={[Function]}
          tabIndex={-1}
        >
          <div
            className="cssClass[calendarDayNumber]"
            onClick={[Function]}
          >
            21
          </div>
        </td>
        <td
          aria-selected={false}
          className="cssClass[calendarDay]"
          onKeyDown={[Function]}
          tabIndex={-1}
        >
          <div
            className="cssClass[calendarDayNumber]"
            onClick={[Function]}
          >
            22
          </div>
        </td>
        <td
          aria-selected={false}
          className="cssClass[calendarDay]"
          onKeyDown={[Function]}
          tabIndex={-1}
        >
          <div
            className="cssClass[calendarDayNumber]"
            onClick={[Function]}
          >
            23
          </div>
        </td>
      </tr>
      <tr>
        <td
          aria-selected={false}
          className="cssClass[calendarDay]"
          onKeyDown={[Function]}
          tabIndex={-1}
        >
          <div
            className="cssClass[calendarDayNumber]"
            onClick={[Function]}
          >
            24
          </div>
        </td>
        <td
          aria-selected={false}
          className="cssClass[calendarDay]"
          onKeyDown={[Function]}
          tabIndex={-1}
        >
          <div
            className="cssClass[calendarDayNumber]"
            onClick={[Function]}
          >
            25
          </div>
        </td>
        <td
          aria-selected={false}
          className="cssClass[calendarDay]"
          onKeyDown={[Function]}
          tabIndex={-1}
        >
          <div
            className="cssClass[calendarDayNumber]"
            onClick={[Function]}
          >
            26
          </div>
        </td>
        <td
          aria-selected={false}
          className="cssClass[calendarDay]"
          onKeyDown={[Function]}
          tabIndex={-1}
        >
          <div
            className="cssClass[calendarDayNumber]"
            onClick={[Function]}
          >
            27
          </div>
        </td>
        <td
          aria-selected={false}
          className="cssClass[calendarDay]"
          onKeyDown={[Function]}
          tabIndex={-1}
        >
          <div
            className="cssClass[calendarDayNumber]"
            onClick={[Function]}
          >
            28
          </div>
        </td>
        <td
          aria-selected={false}
          className="cssClass[calendarDay]"
          onKeyDown={[Function]}
          tabIndex={-1}
        >
          <div
            className="cssClass[calendarDayNumber]"
            onClick={[Function]}
          >
            29
          </div>
        </td>
        <td
          aria-selected={false}
          className="cssClass[calendarDay]"
          onKeyDown={[Function]}
          tabIndex={-1}
        >
          <div
            className="cssClass[calendarDayNumber]"
            onClick={[Function]}
          >
            30
          </div>
        </td>
      </tr>
      <tr>
        <td
          aria-selected={false}
          className="cssClass[calendarDay]"
          onKeyDown={[Function]}
          tabIndex={-1}
        >
          <div
            className="cssClass[calendarDayNumber]"
            onClick={[Function]}
          >
            31
          </div>
        </td>
        <td
          aria-selected={false}
          className="cssClass[calendarDay]"
          onKeyDown={[Function]}
          tabIndex={-1}
        >
          <div
            className="cssClass[calendarDayNumber] cssClass[muted]"
            onClick={[Function]}
          >
            1
          </div>
        </td>
        <td
          aria-selected={false}
          className="cssClass[calendarDay]"
          onKeyDown={[Function]}
          tabIndex={-1}
        >
          <div
            className="cssClass[calendarDayNumber] cssClass[muted]"
            onClick={[Function]}
          >
            2
          </div>
        </td>
        <td
          aria-selected={false}
          className="cssClass[calendarDay]"
          onKeyDown={[Function]}
          tabIndex={-1}
        >
          <div
            className="cssClass[calendarDayNumber] cssClass[muted]"
            onClick={[Function]}
          >
            3
          </div>
        </td>
        <td
          aria-selected={false}
          className="cssClass[calendarDay]"
          onKeyDown={[Function]}
          tabIndex={-1}
        >
          <div
            className="cssClass[calendarDayNumber] cssClass[muted]"
            onClick={[Function]}
          >
            4
          </div>
        </td>
        <td
          aria-selected={false}
          className="cssClass[calendarDay]"
          onKeyDown={[Function]}
          tabIndex={-1}
        >
          <div
            className="cssClass[calendarDayNumber] cssClass[muted]"
            onClick={[Function]}
          >
            5
          </div>
        </td>
        <td
          aria-selected={false}
          className="cssClass[calendarDay]"
          onKeyDown={[Function]}
          tabIndex={-1}
        >
          <div
            className="cssClass[calendarDayNumber] cssClass[muted]"
            onClick={[Function]}
          >
            6
          </div>
        </td>
      </tr>
    </tbody>
  </table>
</div>
`;

exports[`Calendar render marked days 1`] = `
<div
  className="cssClass[calendar]"
>
  <div
    className="cssClass[calendarHeader]"
  >
    <button
      className="cssClass[buttonIcon] cssClass[circle] hoverable"
      onBlur={[Function]}
      onClick={[Function]}
      onFocus={[Function]}
      onMouseDown={[Function]}
      type="button"
    >
      <svg />
    </button>
    <a
      aria-live="polite"
      className="cssClass[link] hoverable cssClass[focusVisible] cssClass[lg] cssClass[text]"
      id="calendar-period-0"
      onBlur={[Function]}
      onClick={[Function]}
      onMouseDown={[Function]}
      role="link"
      tabIndex={-1}
    >
      January 2021
    </a>
    <button
      className="cssClass[buttonIcon] cssClass[circle] hoverable"
      onBlur={[Function]}
      onClick={[Function]}
      onFocus={[Function]}
      onMouseDown={[Function]}
      type="button"
    >
      <svg />
    </button>
  </div>
  <table
    aria-labelledby="calendar-period-0"
    className="cssClass[calendarViewDays]"
    role="grid"
  >
    <thead
      className="cssClass[calendarViewDaysHead]"
    >
      <tr>
        <th
          abbr="Sunday"
          className="cssClass[calendarViewDaysHeader]"
        >
          Su
        </th>
        <th
          abbr="Monday"
          className="cssClass[calendarViewDaysHeader]"
        >
          Mo
        </th>
        <th
          abbr="Tuesday"
          className="cssClass[calendarViewDaysHeader]"
        >
          Tu
        </th>
        <th
          abbr="Wednesday"
          className="cssClass[calendarViewDaysHeader]"
        >
          We
        </th>
        <th
          abbr="Thursday"
          className="cssClass[calendarViewDaysHeader]"
        >
          Th
        </th>
        <th
          abbr="Friday"
          className="cssClass[calendarViewDaysHeader]"
        >
          Fr
        </th>
        <th
          abbr="Saturday"
          className="cssClass[calendarViewDaysHeader]"
        >
          Sa
        </th>
      </tr>
    </thead>
    <tbody
      className="cssClass[calendarViewDaysBody]"
    >
      <tr>
        <td
          aria-selected={false}
          className="cssClass[calendarDay]"
          onKeyDown={[Function]}
          tabIndex={-1}
        >
          <div
            className="cssClass[calendarDayNumber] cssClass[muted]"
            onClick={[Function]}
          >
            27
          </div>
        </td>
        <td
          aria-selected={false}
          className="cssClass[calendarDay]"
          onKeyDown={[Function]}
          tabIndex={-1}
        >
          <div
            className="cssClass[calendarDayNumber] cssClass[muted]"
            onClick={[Function]}
          >
            28
          </div>
        </td>
        <td
          aria-selected={false}
          className="cssClass[calendarDay]"
          onKeyDown={[Function]}
          tabIndex={-1}
        >
          <div
            className="cssClass[calendarDayNumber] cssClass[muted]"
            onClick={[Function]}
          >
            29
          </div>
        </td>
        <td
          aria-selected={false}
          className="cssClass[calendarDay]"
          onKeyDown={[Function]}
          tabIndex={-1}
        >
          <div
            className="cssClass[calendarDayNumber] cssClass[muted]"
            onClick={[Function]}
          >
            30
          </div>
        </td>
        <td
          aria-selected={false}
          className="cssClass[calendarDay]"
          onKeyDown={[Function]}
          tabIndex={-1}
        >
          <div
            className="cssClass[calendarDayNumber] cssClass[muted]"
            onClick={[Function]}
          >
            31
          </div>
        </td>
        <td
          aria-selected={true}
          className="cssClass[calendarDay]"
          onKeyDown={[Function]}
          tabIndex={0}
        >
          <div
            className="cssClass[calendarDayNumber] cssClass[selected]"
            onClick={[Function]}
          >
            1
          </div>
        </td>
        <td
          aria-selected={false}
          className="cssClass[calendarDay]"
          onKeyDown={[Function]}
          tabIndex={-1}
        >
          <div
            className="cssClass[calendarDayNumber]"
            onClick={[Function]}
          >
            2
          </div>
        </td>
      </tr>
      <tr>
        <td
          aria-selected={false}
          className="cssClass[calendarDay]"
          onKeyDown={[Function]}
          tabIndex={-1}
        >
          <div
            className="cssClass[calendarDayNumber]"
            onClick={[Function]}
          >
            3
          </div>
        </td>
        <td
          aria-selected={false}
          className="cssClass[calendarDay]"
          onKeyDown={[Function]}
          tabIndex={-1}
        >
          <div
            className="cssClass[calendarDayNumber]"
            onClick={[Function]}
          >
            4
          </div>
        </td>
        <td
          aria-selected={false}
          className="cssClass[calendarDay] cssClass[marked]"
          onKeyDown={[Function]}
          tabIndex={-1}
        >
          <div
            className="cssClass[calendarDayNumber]"
            onClick={[Function]}
          >
            5
          </div>
        </td>
        <td
          aria-selected={false}
          className="cssClass[calendarDay] cssClass[marked]"
          onKeyDown={[Function]}
          tabIndex={-1}
        >
          <div
            className="cssClass[calendarDayNumber]"
            onClick={[Function]}
          >
            6
          </div>
        </td>
        <td
          aria-selected={false}
          className="cssClass[calendarDay] cssClass[marked]"
          onKeyDown={[Function]}
          tabIndex={-1}
        >
          <div
            className="cssClass[calendarDayNumber]"
            onClick={[Function]}
          >
            7
          </div>
        </td>
        <td
          aria-selected={false}
          className="cssClass[calendarDay]"
          onKeyDown={[Function]}
          tabIndex={-1}
        >
          <div
            className="cssClass[calendarDayNumber]"
            onClick={[Function]}
          >
            8
          </div>
        </td>
        <td
          aria-selected={false}
          className="cssClass[calendarDay]"
          onKeyDown={[Function]}
          tabIndex={-1}
        >
          <div
            className="cssClass[calendarDayNumber]"
            onClick={[Function]}
          >
            9
          </div>
        </td>
      </tr>
      <tr>
        <td
          aria-selected={false}
          className="cssClass[calendarDay]"
          onKeyDown={[Function]}
          tabIndex={-1}
        >
          <div
            className="cssClass[calendarDayNumber]"
            onClick={[Function]}
          >
            10
          </div>
        </td>
        <td
          aria-selected={false}
          className="cssClass[calendarDay]"
          onKeyDown={[Function]}
          tabIndex={-1}
        >
          <div
            className="cssClass[calendarDayNumber]"
            onClick={[Function]}
          >
            11
          </div>
        </td>
        <td
          aria-selected={false}
          className="cssClass[calendarDay]"
          onKeyDown={[Function]}
          tabIndex={-1}
        >
          <div
            className="cssClass[calendarDayNumber]"
            onClick={[Function]}
          >
            12
          </div>
        </td>
        <td
          aria-selected={false}
          className="cssClass[calendarDay]"
          onKeyDown={[Function]}
          tabIndex={-1}
        >
          <div
            className="cssClass[calendarDayNumber]"
            onClick={[Function]}
          >
            13
          </div>
        </td>
        <td
          aria-selected={false}
          className="cssClass[calendarDay]"
          onKeyDown={[Function]}
          tabIndex={-1}
        >
          <div
            className="cssClass[calendarDayNumber]"
            onClick={[Function]}
          >
            14
          </div>
        </td>
        <td
          aria-selected={false}
          className="cssClass[calendarDay]"
          onKeyDown={[Function]}
          tabIndex={-1}
        >
          <div
            className="cssClass[calendarDayNumber]"
            onClick={[Function]}
          >
            15
          </div>
        </td>
        <td
          aria-selected={false}
          className="cssClass[calendarDay]"
          onKeyDown={[Function]}
          tabIndex={-1}
        >
          <div
            className="cssClass[calendarDayNumber]"
            onClick={[Function]}
          >
            16
          </div>
        </td>
      </tr>
      <tr>
        <td
          aria-selected={false}
          className="cssClass[calendarDay]"
          onKeyDown={[Function]}
          tabIndex={-1}
        >
          <div
            className="cssClass[calendarDayNumber]"
            onClick={[Function]}
          >
            17
          </div>
        </td>
        <td
          aria-selected={false}
          className="cssClass[calendarDay]"
          onKeyDown={[Function]}
          tabIndex={-1}
        >
          <div
            className="cssClass[calendarDayNumber]"
            onClick={[Function]}
          >
            18
          </div>
        </td>
        <td
          aria-selected={false}
          className="cssClass[calendarDay]"
          onKeyDown={[Function]}
          tabIndex={-1}
        >
          <div
            className="cssClass[calendarDayNumber]"
            onClick={[Function]}
          >
            19
          </div>
        </td>
        <td
          aria-selected={false}
          className="cssClass[calendarDay]"
          onKeyDown={[Function]}
          tabIndex={-1}
        >
          <div
            className="cssClass[calendarDayNumber]"
            onClick={[Function]}
          >
            20
          </div>
        </td>
        <td
          aria-selected={false}
          className="cssClass[calendarDay]"
          onKeyDown={[Function]}
          tabIndex={-1}
        >
          <div
            className="cssClass[calendarDayNumber]"
            onClick={[Function]}
          >
            21
          </div>
        </td>
        <td
          aria-selected={false}
          className="cssClass[calendarDay]"
          onKeyDown={[Function]}
          tabIndex={-1}
        >
          <div
            className="cssClass[calendarDayNumber]"
            onClick={[Function]}
          >
            22
          </div>
        </td>
        <td
          aria-selected={false}
          className="cssClass[calendarDay]"
          onKeyDown={[Function]}
          tabIndex={-1}
        >
          <div
            className="cssClass[calendarDayNumber]"
            onClick={[Function]}
          >
            23
          </div>
        </td>
      </tr>
      <tr>
        <td
          aria-selected={false}
          className="cssClass[calendarDay]"
          onKeyDown={[Function]}
          tabIndex={-1}
        >
          <div
            className="cssClass[calendarDayNumber]"
            onClick={[Function]}
          >
            24
          </div>
        </td>
        <td
          aria-selected={false}
          className="cssClass[calendarDay]"
          onKeyDown={[Function]}
          tabIndex={-1}
        >
          <div
            className="cssClass[calendarDayNumber]"
            onClick={[Function]}
          >
            25
          </div>
        </td>
        <td
          aria-selected={false}
          className="cssClass[calendarDay]"
          onKeyDown={[Function]}
          tabIndex={-1}
        >
          <div
            className="cssClass[calendarDayNumber]"
            onClick={[Function]}
          >
            26
          </div>
        </td>
        <td
          aria-selected={false}
          className="cssClass[calendarDay]"
          onKeyDown={[Function]}
          tabIndex={-1}
        >
          <div
            className="cssClass[calendarDayNumber]"
            onClick={[Function]}
          >
            27
          </div>
        </td>
        <td
          aria-selected={false}
          className="cssClass[calendarDay]"
          onKeyDown={[Function]}
          tabIndex={-1}
        >
          <div
            className="cssClass[calendarDayNumber]"
            onClick={[Function]}
          >
            28
          </div>
        </td>
        <td
          aria-selected={false}
          className="cssClass[calendarDay]"
          onKeyDown={[Function]}
          tabIndex={-1}
        >
          <div
            className="cssClass[calendarDayNumber]"
            onClick={[Function]}
          >
            29
          </div>
        </td>
        <td
          aria-selected={false}
          className="cssClass[calendarDay]"
          onKeyDown={[Function]}
          tabIndex={-1}
        >
          <div
            className="cssClass[calendarDayNumber]"
            onClick={[Function]}
          >
            30
          </div>
        </td>
      </tr>
      <tr>
        <td
          aria-selected={false}
          className="cssClass[calendarDay]"
          onKeyDown={[Function]}
          tabIndex={-1}
        >
          <div
            className="cssClass[calendarDayNumber]"
            onClick={[Function]}
          >
            31
          </div>
        </td>
        <td
          aria-selected={false}
          className="cssClass[calendarDay]"
          onKeyDown={[Function]}
          tabIndex={-1}
        >
          <div
            className="cssClass[calendarDayNumber] cssClass[muted]"
            onClick={[Function]}
          >
            1
          </div>
        </td>
        <td
          aria-selected={false}
          className="cssClass[calendarDay]"
          onKeyDown={[Function]}
          tabIndex={-1}
        >
          <div
            className="cssClass[calendarDayNumber] cssClass[muted]"
            onClick={[Function]}
          >
            2
          </div>
        </td>
        <td
          aria-selected={false}
          className="cssClass[calendarDay]"
          onKeyDown={[Function]}
          tabIndex={-1}
        >
          <div
            className="cssClass[calendarDayNumber] cssClass[muted]"
            onClick={[Function]}
          >
            3
          </div>
        </td>
        <td
          aria-selected={false}
          className="cssClass[calendarDay]"
          onKeyDown={[Function]}
          tabIndex={-1}
        >
          <div
            className="cssClass[calendarDayNumber] cssClass[muted]"
            onClick={[Function]}
          >
            4
          </div>
        </td>
        <td
          aria-selected={false}
          className="cssClass[calendarDay]"
          onKeyDown={[Function]}
          tabIndex={-1}
        >
          <div
            className="cssClass[calendarDayNumber] cssClass[muted]"
            onClick={[Function]}
          >
            5
          </div>
        </td>
        <td
          aria-selected={false}
          className="cssClass[calendarDay]"
          onKeyDown={[Function]}
          tabIndex={-1}
        >
          <div
            className="cssClass[calendarDayNumber] cssClass[muted]"
            onClick={[Function]}
          >
            6
          </div>
        </td>
      </tr>
    </tbody>
  </table>
</div>
`;

exports[`Calendar renders correctly 1`] = `
<div
  className="cssClass[calendar]"
>
  <div
    className="cssClass[calendarHeader]"
  >
    <button
      className="cssClass[buttonIcon] cssClass[circle] hoverable"
      onBlur={[Function]}
      onClick={[Function]}
      onFocus={[Function]}
      onMouseDown={[Function]}
      type="button"
    >
      <svg />
    </button>
    <a
      aria-live="polite"
      className="cssClass[link] hoverable cssClass[focusVisible] cssClass[lg] cssClass[text]"
      id="calendar-period-0"
      onBlur={[Function]}
      onClick={[Function]}
      onMouseDown={[Function]}
      role="link"
      tabIndex={-1}
    >
      January 2021
    </a>
    <button
      className="cssClass[buttonIcon] cssClass[circle] hoverable"
      onBlur={[Function]}
      onClick={[Function]}
      onFocus={[Function]}
      onMouseDown={[Function]}
      type="button"
    >
      <svg />
    </button>
  </div>
  <table
    aria-labelledby="calendar-period-0"
    className="cssClass[calendarViewDays]"
    role="grid"
  >
    <thead
      className="cssClass[calendarViewDaysHead]"
    >
      <tr>
        <th
          abbr="Sunday"
          className="cssClass[calendarViewDaysHeader]"
        >
          Su
        </th>
        <th
          abbr="Monday"
          className="cssClass[calendarViewDaysHeader]"
        >
          Mo
        </th>
        <th
          abbr="Tuesday"
          className="cssClass[calendarViewDaysHeader]"
        >
          Tu
        </th>
        <th
          abbr="Wednesday"
          className="cssClass[calendarViewDaysHeader]"
        >
          We
        </th>
        <th
          abbr="Thursday"
          className="cssClass[calendarViewDaysHeader]"
        >
          Th
        </th>
        <th
          abbr="Friday"
          className="cssClass[calendarViewDaysHeader]"
        >
          Fr
        </th>
        <th
          abbr="Saturday"
          className="cssClass[calendarViewDaysHeader]"
        >
          Sa
        </th>
      </tr>
    </thead>
    <tbody
      className="cssClass[calendarViewDaysBody]"
    >
      <tr>
        <td
          aria-selected={false}
          className="cssClass[calendarDay]"
          onKeyDown={[Function]}
          tabIndex={-1}
        >
          <div
            className="cssClass[calendarDayNumber] cssClass[muted]"
            onClick={[Function]}
          >
            27
          </div>
        </td>
        <td
          aria-selected={false}
          className="cssClass[calendarDay]"
          onKeyDown={[Function]}
          tabIndex={-1}
        >
          <div
            className="cssClass[calendarDayNumber] cssClass[muted]"
            onClick={[Function]}
          >
            28
          </div>
        </td>
        <td
          aria-selected={false}
          className="cssClass[calendarDay]"
          onKeyDown={[Function]}
          tabIndex={-1}
        >
          <div
            className="cssClass[calendarDayNumber] cssClass[muted]"
            onClick={[Function]}
          >
            29
          </div>
        </td>
        <td
          aria-selected={false}
          className="cssClass[calendarDay]"
          onKeyDown={[Function]}
          tabIndex={-1}
        >
          <div
            className="cssClass[calendarDayNumber] cssClass[muted]"
            onClick={[Function]}
          >
            30
          </div>
        </td>
        <td
          aria-selected={false}
          className="cssClass[calendarDay]"
          onKeyDown={[Function]}
          tabIndex={-1}
        >
          <div
            className="cssClass[calendarDayNumber] cssClass[muted]"
            onClick={[Function]}
          >
            31
          </div>
        </td>
        <td
          aria-selected={true}
          className="cssClass[calendarDay]"
          onKeyDown={[Function]}
          tabIndex={0}
        >
          <div
            className="cssClass[calendarDayNumber] cssClass[selected]"
            onClick={[Function]}
          >
            1
          </div>
        </td>
        <td
          aria-selected={false}
          className="cssClass[calendarDay]"
          onKeyDown={[Function]}
          tabIndex={-1}
        >
          <div
            className="cssClass[calendarDayNumber]"
            onClick={[Function]}
          >
            2
          </div>
        </td>
      </tr>
      <tr>
        <td
          aria-selected={false}
          className="cssClass[calendarDay]"
          onKeyDown={[Function]}
          tabIndex={-1}
        >
          <div
            className="cssClass[calendarDayNumber]"
            onClick={[Function]}
          >
            3
          </div>
        </td>
        <td
          aria-selected={false}
          className="cssClass[calendarDay]"
          onKeyDown={[Function]}
          tabIndex={-1}
        >
          <div
            className="cssClass[calendarDayNumber]"
            onClick={[Function]}
          >
            4
          </div>
        </td>
        <td
          aria-selected={false}
          className="cssClass[calendarDay]"
          onKeyDown={[Function]}
          tabIndex={-1}
        >
          <div
            className="cssClass[calendarDayNumber]"
            onClick={[Function]}
          >
            5
          </div>
        </td>
        <td
          aria-selected={false}
          className="cssClass[calendarDay]"
          onKeyDown={[Function]}
          tabIndex={-1}
        >
          <div
            className="cssClass[calendarDayNumber]"
            onClick={[Function]}
          >
            6
          </div>
        </td>
        <td
          aria-selected={false}
          className="cssClass[calendarDay]"
          onKeyDown={[Function]}
          tabIndex={-1}
        >
          <div
            className="cssClass[calendarDayNumber]"
            onClick={[Function]}
          >
            7
          </div>
        </td>
        <td
          aria-selected={false}
          className="cssClass[calendarDay]"
          onKeyDown={[Function]}
          tabIndex={-1}
        >
          <div
            className="cssClass[calendarDayNumber]"
            onClick={[Function]}
          >
            8
          </div>
        </td>
        <td
          aria-selected={false}
          className="cssClass[calendarDay]"
          onKeyDown={[Function]}
          tabIndex={-1}
        >
          <div
            className="cssClass[calendarDayNumber]"
            onClick={[Function]}
          >
            9
          </div>
        </td>
      </tr>
      <tr>
        <td
          aria-selected={false}
          className="cssClass[calendarDay]"
          onKeyDown={[Function]}
          tabIndex={-1}
        >
          <div
            className="cssClass[calendarDayNumber]"
            onClick={[Function]}
          >
            10
          </div>
        </td>
        <td
          aria-selected={false}
          className="cssClass[calendarDay]"
          onKeyDown={[Function]}
          tabIndex={-1}
        >
          <div
            className="cssClass[calendarDayNumber]"
            onClick={[Function]}
          >
            11
          </div>
        </td>
        <td
          aria-selected={false}
          className="cssClass[calendarDay]"
          onKeyDown={[Function]}
          tabIndex={-1}
        >
          <div
            className="cssClass[calendarDayNumber]"
            onClick={[Function]}
          >
            12
          </div>
        </td>
        <td
          aria-selected={false}
          className="cssClass[calendarDay]"
          onKeyDown={[Function]}
          tabIndex={-1}
        >
          <div
            className="cssClass[calendarDayNumber]"
            onClick={[Function]}
          >
            13
          </div>
        </td>
        <td
          aria-selected={false}
          className="cssClass[calendarDay]"
          onKeyDown={[Function]}
          tabIndex={-1}
        >
          <div
            className="cssClass[calendarDayNumber]"
            onClick={[Function]}
          >
            14
          </div>
        </td>
        <td
          aria-selected={false}
          className="cssClass[calendarDay]"
          onKeyDown={[Function]}
          tabIndex={-1}
        >
          <div
            className="cssClass[calendarDayNumber]"
            onClick={[Function]}
          >
            15
          </div>
        </td>
        <td
          aria-selected={false}
          className="cssClass[calendarDay]"
          onKeyDown={[Function]}
          tabIndex={-1}
        >
          <div
            className="cssClass[calendarDayNumber]"
            onClick={[Function]}
          >
            16
          </div>
        </td>
      </tr>
      <tr>
        <td
          aria-selected={false}
          className="cssClass[calendarDay]"
          onKeyDown={[Function]}
          tabIndex={-1}
        >
          <div
            className="cssClass[calendarDayNumber]"
            onClick={[Function]}
          >
            17
          </div>
        </td>
        <td
          aria-selected={false}
          className="cssClass[calendarDay]"
          onKeyDown={[Function]}
          tabIndex={-1}
        >
          <div
            className="cssClass[calendarDayNumber]"
            onClick={[Function]}
          >
            18
          </div>
        </td>
        <td
          aria-selected={false}
          className="cssClass[calendarDay]"
          onKeyDown={[Function]}
          tabIndex={-1}
        >
          <div
            className="cssClass[calendarDayNumber]"
            onClick={[Function]}
          >
            19
          </div>
        </td>
        <td
          aria-selected={false}
          className="cssClass[calendarDay]"
          onKeyDown={[Function]}
          tabIndex={-1}
        >
          <div
            className="cssClass[calendarDayNumber]"
            onClick={[Function]}
          >
            20
          </div>
        </td>
        <td
          aria-selected={false}
          className="cssClass[calendarDay]"
          onKeyDown={[Function]}
          tabIndex={-1}
        >
          <div
            className="cssClass[calendarDayNumber]"
            onClick={[Function]}
          >
            21
          </div>
        </td>
        <td
          aria-selected={false}
          className="cssClass[calendarDay]"
          onKeyDown={[Function]}
          tabIndex={-1}
        >
          <div
            className="cssClass[calendarDayNumber]"
            onClick={[Function]}
          >
            22
          </div>
        </td>
        <td
          aria-selected={false}
          className="cssClass[calendarDay]"
          onKeyDown={[Function]}
          tabIndex={-1}
        >
          <div
            className="cssClass[calendarDayNumber]"
            onClick={[Function]}
          >
            23
          </div>
        </td>
      </tr>
      <tr>
        <td
          aria-selected={false}
          className="cssClass[calendarDay]"
          onKeyDown={[Function]}
          tabIndex={-1}
        >
          <div
            className="cssClass[calendarDayNumber]"
            onClick={[Function]}
          >
            24
          </div>
        </td>
        <td
          aria-selected={false}
          className="cssClass[calendarDay]"
          onKeyDown={[Function]}
          tabIndex={-1}
        >
          <div
            className="cssClass[calendarDayNumber]"
            onClick={[Function]}
          >
            25
          </div>
        </td>
        <td
          aria-selected={false}
          className="cssClass[calendarDay]"
          onKeyDown={[Function]}
          tabIndex={-1}
        >
          <div
            className="cssClass[calendarDayNumber]"
            onClick={[Function]}
          >
            26
          </div>
        </td>
        <td
          aria-selected={false}
          className="cssClass[calendarDay]"
          onKeyDown={[Function]}
          tabIndex={-1}
        >
          <div
            className="cssClass[calendarDayNumber]"
            onClick={[Function]}
          >
            27
          </div>
        </td>
        <td
          aria-selected={false}
          className="cssClass[calendarDay]"
          onKeyDown={[Function]}
          tabIndex={-1}
        >
          <div
            className="cssClass[calendarDayNumber]"
            onClick={[Function]}
          >
            28
          </div>
        </td>
        <td
          aria-selected={false}
          className="cssClass[calendarDay]"
          onKeyDown={[Function]}
          tabIndex={-1}
        >
          <div
            className="cssClass[calendarDayNumber]"
            onClick={[Function]}
          >
            29
          </div>
        </td>
        <td
          aria-selected={false}
          className="cssClass[calendarDay]"
          onKeyDown={[Function]}
          tabIndex={-1}
        >
          <div
            className="cssClass[calendarDayNumber]"
            onClick={[Function]}
          >
            30
          </div>
        </td>
      </tr>
      <tr>
        <td
          aria-selected={false}
          className="cssClass[calendarDay]"
          onKeyDown={[Function]}
          tabIndex={-1}
        >
          <div
            className="cssClass[calendarDayNumber]"
            onClick={[Function]}
          >
            31
          </div>
        </td>
        <td
          aria-selected={false}
          className="cssClass[calendarDay]"
          onKeyDown={[Function]}
          tabIndex={-1}
        >
          <div
            className="cssClass[calendarDayNumber] cssClass[muted]"
            onClick={[Function]}
          >
            1
          </div>
        </td>
        <td
          aria-selected={false}
          className="cssClass[calendarDay]"
          onKeyDown={[Function]}
          tabIndex={-1}
        >
          <div
            className="cssClass[calendarDayNumber] cssClass[muted]"
            onClick={[Function]}
          >
            2
          </div>
        </td>
        <td
          aria-selected={false}
          className="cssClass[calendarDay]"
          onKeyDown={[Function]}
          tabIndex={-1}
        >
          <div
            className="cssClass[calendarDayNumber] cssClass[muted]"
            onClick={[Function]}
          >
            3
          </div>
        </td>
        <td
          aria-selected={false}
          className="cssClass[calendarDay]"
          onKeyDown={[Function]}
          tabIndex={-1}
        >
          <div
            className="cssClass[calendarDayNumber] cssClass[muted]"
            onClick={[Function]}
          >
            4
          </div>
        </td>
        <td
          aria-selected={false}
          className="cssClass[calendarDay]"
          onKeyDown={[Function]}
          tabIndex={-1}
        >
          <div
            className="cssClass[calendarDayNumber] cssClass[muted]"
            onClick={[Function]}
          >
            5
          </div>
        </td>
        <td
          aria-selected={false}
          className="cssClass[calendarDay]"
          onKeyDown={[Function]}
          tabIndex={-1}
        >
          <div
            className="cssClass[calendarDayNumber] cssClass[muted]"
            onClick={[Function]}
          >
            6
          </div>
        </td>
      </tr>
    </tbody>
  </table>
</div>
`;
