// Jest Snapshot v1, https://goo.gl/fbAQLP

exports[`MonthYearPicker renders correctly 1`] = `
<div
  className="cssClass[monthYearPicker]"
>
  <div
    className="cssClass[monthYearInput]"
  >
    <input
      className="cssClass[input]"
      onFocus={[Function]}
      placeholder="мм.гггг"
      readOnly={true}
      value="Jan 1970"
    />
    <span
      aria-hidden="true"
      className="cssClass[calendarIcon] hoverable"
      onMouseDown={[Function]}
    >
      <svg />
    </span>
  </div>
</div>
`;
