// Jest Snapshot v1, https://goo.gl/fbAQLP

exports[`MonthYearPicker renders correctly 1`] = `
<div
  className="cssClass[monthYearPicker]"
  data-tx="10.0.0"
  onKeyDown={[Function]}
  onMouseDown={[Function]}
>
  <div
    className="cssClass[monthYearPickerTarget]"
  >
    <input
      className="cssClass[input]"
      data-tx="10.0.0"
      onFocus={[Function]}
      onKeyDown={[Function]}
      placeholder="мм.гггг"
      readOnly={true}
      role="button"
      value="Jan 1970"
    />
    <button
      className="cssClass[buttonIcon] cssClass[squircle] hoverable cssClass[datePickerTargetButton]"
      data-tx="10.0.0"
      onClick={[Function]}
      role="presentation"
      tabIndex={-1}
      type="button"
    >
      <svg />
    </button>
  </div>
</div>
`;
