// Jest Snapshot v1, https://goo.gl/fbAQLP

exports[`Button renders correctly 1`] = `
<button
  className="cssClass[button] cssClass[general] cssClass[MD]"
  onBlur={[Function]}
  onFocus={[Function]}
  onMouseDown={[Function]}
  type="button"
>
  <span
    className="cssClass[content]"
  >
    Button Name
  </span>
</button>
`;
