// Jest Snapshot v1, https://goo.gl/fbAQLP

exports[`MaskedInput renders correctly 1`] = `
<div
  className="cssClass[wrapper]"
>
  <input
    className="cssClass[placeholder]"
    readOnly={true}
    tabIndex={-1}
    value="+71234567890"
  />
  <input
    autoComplete="off"
    className="cssClass[input]"
    maxLength={12}
    onBlur={[Function]}
    onChange={[Function]}
    onCut={[Function]}
    onFocus={[Function]}
    onKeyDown={[Function]}
    onKeyPress={[Function]}
    onPaste={[Function]}
    spellCheck={false}
    value="+71234567890"
  />
</div>
`;
