// Jest Snapshot v1, https://goo.gl/fbAQLP

exports[`Spoiler renders correctly 1`] = `
<div
  className="cssClass[spoiler]"
  data-tx="10.0.0"
>
  <div
    className="cssClass[head]"
  >
    <button
      aria-controls="Spoiler-0"
      aria-expanded={false}
      className="cssClass[button] cssClass[link] cssClass[SM] hoverable cssClass[toggleButton]"
      data-tx="10.0.0"
      onClick={[Function]}
      type="button"
    >
      <span
        className="cssClass[content]"
      >
        Развернуть
        <svg
          className="cssClass[icon] cssClass[animationRotate180]"
        />
      </span>
    </button>
  </div>
  <div
    className="cssClass[content] cssClass[hidden]"
    id="Spoiler-0"
  >
    <span>
      123456
    </span>
  </div>
</div>
`;
