// Jest Snapshot v1, https://goo.gl/fbAQLP

exports[`SMSInput renders correctly 1`] = `
<div
  className="cssClass[globalSmsInput]"
  data-test-id="SMSInput"
>
  <div
    className="cssClass[btnRefresh]"
    onClick={[Function]}
  >
    <svg
      height="20"
      viewBox="0 0 20 20"
      width="20"
    >
      <clipPath
        id="clipFront0.999"
      >
        <path
          d="M10 10L21.883 8.33A12 12 0 1 1 21.099 5.438Z"
        />
      </clipPath>
      <path
        className="cssClass[light]"
        d="M18.1 9.101a.9.9 0 0 0-.9.9 7.245 7.245 0 1 1-1.998-4.95h-2.16a.9.9 0 1 0 0 1.8h4.077a.9.9 0 0 0 .9-.9v-4.05a.9.9 0 0 0-1.8 0v1.593A9 9 0 1 0 19 10.001a.9.9 0 0 0-.9-.9z"
      />
      <path
        className="cssClass[dark]"
        clipPath="url(#clipFront0.999)"
        d="M18.1 9.101a.9.9 0 0 0-.9.9 7.245 7.245 0 1 1-1.998-4.95h-2.16a.9.9 0 1 0 0 1.8h4.077a.9.9 0 0 0 .9-.9v-4.05a.9.9 0 0 0-1.8 0v1.593A9 9 0 1 0 19 10.001a.9.9 0 0 0-.9-.9z"
      />
    </svg>
  </div>
  <input
    autoComplete="off"
    className="cssClass[input]"
    maxLength={8}
    onChange={[Function]}
    onKeyDown={[Function]}
    placeholder="Введите код"
    type="text"
    value=""
  />
  <div
    className="cssClass[btnSubmit] cssClass[disabled]"
  >
    <svg
      className="svg-icon "
      height={20}
      viewBox="0 0 20 20"
      width={20}
    >
      <path
        d="M10.708 15.707l5-4.996a1 1 0 0 0 .21-.33c.1-.243.1-.516 0-.759a1 1 0 0 0-.21-.33l-5-4.996a1.005 1.005 0 0 0-1.42 1.42l3.3 3.286h-7.59a1 1 0 1 0 0 1.999h7.59l-3.3 3.287a.999.999 0 0 0 0 1.419 1 1 0 0 0 1.42 0z"
        fill="#FFF"
      />
    </svg>
  </div>
</div>
`;
