// Jest Snapshot v1, https://goo.gl/fbAQLP

exports[`MonthYearPicker renders correctly 1`] = `
<div
  className="cssClass[monthYearPicker]"
>
  <div
    className="cssClass[inputBlock]"
  >
    <div
      className="cssClass[pseudoInput]"
      onFocus={[Function]}
      tabIndex={0}
    >
      Jan 2021
    </div>
    <span
      aria-hidden="true"
      className="cssClass[calendarIcon]"
      onMouseDown={[Function]}
    >
      <svg />
    </span>
  </div>
</div>
`;
