// Jest Snapshot v1, https://goo.gl/fbAQLP

exports[`RadioYGroup renders correctly 1`] = `
<div
  className="cssClass[radioYGroup]"
  role="radiogroup"
>
  <label
    className="cssClass[b1] cssClass[general] cssClass[regular] cssClass[extra] cssClass[label] cssClass[enabled] cssClass[nonempty]"
    onClick={[Function]}
    onMouseDown={[Function]}
  >
    <input
      className="cssClass[radio]"
      onBlur={[Function]}
      onFocus={[Function]}
      type="radio"
    />
    <span
      className="cssClass[radioIcon]"
    />
    Sample Text
  </label>
  <label
    className="cssClass[b1] cssClass[general] cssClass[regular] cssClass[extra] cssClass[label] cssClass[enabled] cssClass[nonempty]"
    onClick={[Function]}
    onMouseDown={[Function]}
  >
    <input
      className="cssClass[radio]"
      onBlur={[Function]}
      onFocus={[Function]}
      type="radio"
    />
    <span
      className="cssClass[radioIcon]"
    />
    Sample Text
  </label>
  <label
    className="cssClass[b1] cssClass[general] cssClass[regular] cssClass[extra] cssClass[label] cssClass[enabled] cssClass[nonempty]"
    onClick={[Function]}
    onMouseDown={[Function]}
  >
    <input
      className="cssClass[radio]"
      onBlur={[Function]}
      onFocus={[Function]}
      type="radio"
    />
    <span
      className="cssClass[radioIcon]"
    />
    Sample Text
  </label>
</div>
`;
