// Jest Snapshot v1, https://goo.gl/fbAQLP

exports[`Button renders correctly 1`] = `
<button
  className="cssClass[button] cssClass[buttonGeneral] cssClass[buttonMd]"
  onFocus={[Function]}
  onMouseDown={[Function]}
  type="button"
>
  <span
    className="cssClass[buttonContent]"
  >
    Button Name
  </span>
</button>
`;
